I'm sorry, but errors were detected in your script. Please correct the
errors listed below, and try again.


File "game/sdkelas2.rpy", line 63: indentation mismatch.

Ren'Py Version: Ren'Py 7.4.11.2266
Sat Mar 26 15:00:40 2022
